[2026-10-01T09:17:37Z] === ENRICH ITERATION 1 START | repo=block/artifact-swap sha=6715907a ===
[2026-10-01T09:17:37Z] [iter=1] PHASE START: enrich repo=block/artifact-swap sha=6715907a runlog=/home/runner/work/forx/forx/storage/aggregate/lsp/logs/6715907a-enrich-iter-001.log output=/home/runner/work/forx/forx/storage/aggregate/lsp/6715907acef67e3347273853ac1aa4bdd894cc57.nq.gz
[2026-10-01T09:17:37Z] [iter=1] Step 1: Loading AST into disk-backed store mem_mb=78 MB
[2026-10-01T09:17:42Z] [iter=1] AST store loaded triples=811144 load_secs=5 mem_mb=898 MB
[2026-10-01T09:17:42Z] [iter=1] Step 2: Finding LSP targets mem_mb=898 MB
[2026-10-01T09:17:45Z] [iter=1] LSP targets found call_sites=7180 imports=1697 extends=0 implements=0 secs=2
[2026-10-01T09:17:47Z] [iter=1] Step 2.7: Building position index (one-shot, shared across resolvers) mem_mb=898 MB
[2026-10-01T09:17:51Z] [iter=1] Position index built positions=49556 nodes_with_types=61621 secs=4 mem_mb=898 MB
[2026-10-01T09:17:51Z] [iter=1] Step 3: Starting LSP resolution mem_mb=898 MB already_completed_types=[] already_completed_files=0
[2026-10-01T09:17:51Z] [iter=1] Resolving target type target_type=call_site count=7180
[2026-10-01T09:18:27Z] [iter=1] HEARTBEAT target_type=call_site elapsed_min=0.8 files_done=2 resolved=4 errors=57 current=core/src/main/kotlin/xyz/block/artifactswap/core/hashing/services/HashingEventStream.kt
[2026-10-01T09:19:03Z] [iter=1] HEARTBEAT target_type=call_site elapsed_min=1.4 files_done=7 resolved=18 errors=191 current=cli/src/test/kotlin/xyz/block/artifactswap/cli/commands/TaskRunnerCommandTest.kt
[2026-10-01T09:19:33Z] [iter=1] HEARTBEAT target_type=call_site elapsed_min=1.9 files_done=11 resolved=34 errors=304 current=cli/src/main/kotlin/xyz/block/artifactswap/cli/commands/TaskRunnerCommand.kt
[2026-10-01T09:20:23Z] [iter=1] HEARTBEAT target_type=call_site elapsed_min=2.8 files_done=16 resolved=96 errors=489 current=gradle-plugin/src/functionalTest/kotlin/xyz/block/artifactswap/functionaltest/EndToEndCliTest.kt
[2026-10-01T09:21:14Z] [iter=1] HEARTBEAT target_type=call_site elapsed_min=3.6 files_done=18 resolved=102 errors=682 current=cli/src/main/kotlin/xyz/block/artifactswap/cli/di/ArtifactCheckerServiceModule.kt
[2026-10-01T09:22:23Z] [iter=1] HEARTBEAT target_type=call_site elapsed_min=4.8 files_done=20 resolved=113 errors=943 current=core/src/main/kotlin/xyz/block/artifactswap/core/publisher/ArtifactoryBomRepository.kt
[2026-10-01T09:22:55Z] [iter=1] HEARTBEAT target_type=call_site elapsed_min=5.3 files_done=23 resolved=123 errors=1062 current=core/src/test/kotlin/xyz/block/artifactswap/core/publisher/BomPublisherTest.kt
[2026-10-01T09:23:26Z] [iter=1] HEARTBEAT target_type=call_site elapsed_min=5.8 files_done=26 resolved=137 errors=1179 current=core/src/main/kotlin/xyz/block/artifactswap/core/repository/LocalArtifactRepository.kt
[2026-10-01T09:24:05Z] [iter=1] HEARTBEAT target_type=call_site elapsed_min=6.5 files_done=29 resolved=156 errors=1327 current=gradle-plugin/src/main/kotlin/xyz/block/gradle/Flags.kt
[2026-10-01T09:24:48Z] [iter=1] HEARTBEAT target_type=call_site elapsed_min=7.2 files_done=35 resolved=160 errors=1487 current=cli/src/test/kotlin/xyz/block/artifactswap/cli/commands/ArtifactCheckerCommandTest.kt
[2026-10-01T09:25:23Z] [iter=1] HEARTBEAT target_type=call_site elapsed_min=7.8 files_done=38 resolved=174 errors=1621 current=build-logic/settings.gradle.kts
[2026-10-01T09:25:57Z] [iter=1] HEARTBEAT target_type=call_site elapsed_min=8.3 files_done=46 resolved=186 errors=1747 current=core/build.gradle.kts
[2026-10-01T09:26:31Z] [iter=1] HEARTBEAT target_type=call_site elapsed_min=8.9 files_done=54 resolved=201 errors=1874 current=gradle-plugin/src/main/kotlin/xyz/block/artifactswap/ArtifactSwapSettingsPlugin.kt
[2026-10-01T09:27:09Z] [iter=1] HEARTBEAT target_type=call_site elapsed_min=9.5 files_done=59 resolved=221 errors=2018 current=core/src/testFixtures/kotlin/xyz/block/artifactswap/core/module_selector/FakeArtifactSwapBomLoader.kt
[2026-10-01T09:27:42Z] [iter=1] HEARTBEAT target_type=call_site elapsed_min=10.1 files_done=67 resolved=234 errors=2143 current=core/src/main/kotlin/xyz/block/artifactswap/core/artifact_checker/services/ArtifactCheckerEventStream.kt
[2026-10-01T09:28:20Z] [iter=1] HEARTBEAT target_type=call_site elapsed_min=10.7 files_done=81 resolved=273 errors=2285 current=gradle-plugin/src/functionalTest/kotlin/xyz/block/artifactswap/functionaltest/fixtures/CliRunner.kt
[2026-10-01T09:28:59Z] [iter=1] HEARTBEAT target_type=call_site elapsed_min=11.4 files_done=89 resolved=281 errors=2431 current=gradle-plugin/src/main/kotlin/xyz/block/artifactswap/dsl/ArtifactSwapDslService.kt
[2026-10-01T09:29:30Z] [iter=1] HEARTBEAT target_type=call_site elapsed_min=11.9 files_done=94 resolved=287 errors=2551 current=cli/src/test/kotlin/xyz/block/artifactswap/cli/commands/TaskFinderCommandTest.kt
[2026-10-01T09:30:03Z] [iter=1] HEARTBEAT target_type=call_site elapsed_min=12.4 files_done=99 resolved=293 errors=2674 current=ide-plugin/src/main/kotlin/xyz/block/artifactswap/idea/util/AndroidPluginSupport.kt
[2026-10-01T09:30:35Z] [iter=1] HEARTBEAT target_type=call_site elapsed_min=13.0 files_done=117 resolved=309 errors=2793 current=core/src/main/kotlin/xyz/block/artifactswap/core/task_runner/services/TaskRunnerEventStream.kt
[2026-10-01T09:31:05Z] [iter=1] HEARTBEAT target_type=call_site elapsed_min=13.5 files_done=138 resolved=322 errors=2907 current=core/src/main/kotlin/xyz/block/artifactswap/model/ArtifactSwapModelExtensions.kt
[2026-10-01T09:31:27Z] [iter=1] Target type resolved target_type=call_site resolved=337 errors=2971 secs=816 mem_mb=898 MB
[2026-10-01T09:31:27Z] [iter=1] Resolving target type target_type=import_statement count=1697
[2026-10-01T09:31:36Z] [iter=1] HEARTBEAT target_type=import_statement elapsed_min=14.0 files_done=7 resolved=0 errors=0 current=core/src/test/kotlin/xyz/block/artifactswap/core/shared_services/git/RealGitClientTest.kt
[2026-10-01T09:31:56Z] [iter=1] Target type resolved target_type=import_statement resolved=0 errors=0 secs=29 mem_mb=898 MB
[2026-10-01T09:32:25Z] [iter=1] Step 5: Writing final enrichment file triples=45186
[2026-10-01T09:32:25Z] [iter=1] Enrichment file written path=/home/runner/work/forx/forx/storage/aggregate/lsp/6715907acef67e3347273853ac1aa4bdd894cc57.nq.gz size_kb=1015
[2026-10-01T09:32:25Z] [iter=1] PHASE END: enrich elapsed_s=889 elapsed_min=14.8 total_triples=45186
